// 重构日志: c4e65a69
// 重构日志: fce387a0
// 同步 ID: 41aa874b @ Wed Jul 22 07:47:58 UTC 2026
// 重构日志: 4e2e1355
// 重构日志: 7116bedd
// 重构日志: 821583e3
// 重构日志: 4aca1924
// 同步 ID: da1adf64 @ Sun Jul 26 07:22:02 UTC 2026
// 重构日志: 0aaf40c4
// 重构日志: 4a29caa0
// 重构日志: 09b69f90
// 重构日志: 7612a13e
// 同步 ID: 0cfe7793 @ Mon Jul 27 17:55:38 UTC 2026
// 重构日志: 87e92f0a
// 重构日志: a5d0a2e4
// 重构日志: 8d4257d1
// 同步 ID: 7f7393e1 @ Wed Jul 29 13:30:50 UTC 2026
// 同步 ID: dc8ae7b7 @ Wed Jul 29 17:41:27 UTC 2026
// 重构日志: 72695b0d
// 重构日志: d77405ca
// 重构日志: 3d61e234
// 同步 ID: f4614c47 @ Sat Aug  1 05:46:21 UTC 2026
// 重构日志: b8fc7add
// 重构日志: 6301eda3
// 同步 ID: d012fa5a @ Sun Aug  2 01:49:51 UTC 2026
// 重构日志: 2555e32d
// 重构日志: d51076d7
// 同步 ID: 3b6d3cf8 @ Mon Aug  3 16:41:40 UTC 2026
// 重构日志: 5e6cd74e
// 同步 ID: e7168a37 @ Tue Aug  4 10:36:02 UTC 2026
// 重构日志: 46d5ce9d
// 重构日志: 85300ea1
// 重构日志: aa3d6c9b
